Renesas Optimizing Linker (W3.01.00 )             07-Jun-2019 17:20:09

*** Options ***

-subcommand=DefaultBuild\curve_measurement.clnk
-Input=DefaultBuild\cstart.obj
-Input=DefaultBuild\main.obj
-Input=DefaultBuild\stkinit.obj
-Input=DefaultBuild\eel_descriptor.obj
-Input=DefaultBuild\fdl_descriptor.obj
-Input=DefaultBuild\r_cg_adc.obj
-Input=DefaultBuild\r_cg_adc_user.obj
-Input=DefaultBuild\r_cg_cgc.obj
-Input=DefaultBuild\r_cg_cgc_user.obj
-Input=DefaultBuild\r_cg_port.obj
-Input=DefaultBuild\r_cg_port_user.obj
-Input=DefaultBuild\r_cg_wdt.obj
-Input=DefaultBuild\r_cg_wdt_user.obj
-Input=DefaultBuild\hdwinit.obj
-Input=DefaultBuild\r_cg_serial.obj
-Input=DefaultBuild\r_cg_serial_user.obj
-LIBrary=eel.lib
-LIBrary=fdl.lib
-SECURITY_ID=00000000000000000000
-DEVICE=D:\Program Files (x86)\Renesas Electronics\CS+\CC\Device\RL78\Devicefile\DR5F10BGG.DVF
-DEBug
-NOCOmpress
-NOOPtimize
-OUtput=DefaultBuild\curve_measurement.abs
-LIBrary=D:\Program Files (x86)\Renesas Electronics\CS+\CC\CC-RL\V1.08.00\lib\rl78em4s.lib
-LIBrary=D:\Program Files (x86)\Renesas Electronics\CS+\CC\CC-RL\V1.08.00\lib\malloc_n.lib
-LIBrary=D:\Program Files (x86)\Renesas Electronics\CS+\CC\CC-RL\V1.08.00\lib\rl78em4r.lib
-OCDBG=84
-DEBUG_MONITOR=1FE00-1FFFF
-USER_OPT_BYTE=EFFFEA
-LISt=DefaultBuild\curve_measurement.map
-STARt=.const,EEL_CNST_f,FAL_CNST_f,.text,.RLIB,.SLIB,.textf,.constf,.data,.sdata,EEL_CODE,FAL_CODE/02000,.dataR,.bss,EEL_UDAT_n/FE300,.sdataR,.sbss,EEL_SDAT,FAL_DATA/FFE20
-ROm=.data=.dataR
-ROm=.sdata=.sdataR
-NOMessage
-MEMory=High
-NOLOgo
-end

*** Error information ***

*** Mapping List ***

SECTION                            START      END         SIZE   ALIGN
.vect
                                  00000000  0000007f        80   0
.option_byte
                                  000000c0  000000c3         4   1
.security_id
                                  000000c4  000000cd         a   1
.monitor1
                                  000000ce  000000d7         a   1
.const
                                  00002000  00002000         0   2
EEL_CNST_f
                                  00002000  00002026        27   2
FAL_CNST_f
                                  00002028  00002067        40   2
.text
                                  00002068  00002156        ef   1
.RLIB
                                  00002157  00002157         0   1
.SLIB
                                  00002157  00002157         0   1
.textf
                                  00002157  000024e1       38b   1
.constf
                                  000024e2  000024e2         0   2
.data
                                  000024e2  000026e1       200   2
.sdata
                                  000026e2  000026e2         0   2
EEL_CODE
                                  000026e2  000040fd      1a1c   2
FAL_CODE
                                  000040fe  000046cb       5ce   2
.monitor2
                                  0001fe00  0001ffff       200   1
.dataR
                                  000fe300  000fe4ff       200   2
.bss
                                  000fe500  000fe535        36   2
EEL_UDAT_n
                                  000fe536  000fe537         2   2
.sdataR
                                  000ffe20  000ffe20         0   2
.sbss
                                  000ffe20  000ffe20         0   2
EEL_SDAT
                                  000ffe20  000ffe28         9   2
FAL_DATA
                                  000ffe2a  000ffe2b         2   2
