Renesas Optimizing Linker (W3.01.00 )             05-Jul-2019 13:29:37

*** Options ***

-subcommand=DefaultBuild\curve_measurement.clnk
-Input=DefaultBuild\cstart.obj
-Input=DefaultBuild\main.obj
-Input=DefaultBuild\stkinit.obj
-Input=DefaultBuild\eel_descriptor.obj
-Input=DefaultBuild\fdl_descriptor.obj
-Input=DefaultBuild\r_cg_adc.obj
-Input=DefaultBuild\r_cg_adc_user.obj
-Input=DefaultBuild\r_cg_cgc.obj
-Input=DefaultBuild\r_cg_cgc_user.obj
-Input=DefaultBuild\r_cg_port.obj
-Input=DefaultBuild\r_cg_port_user.obj
-Input=DefaultBuild\r_cg_wdt.obj
-Input=DefaultBuild\r_cg_wdt_user.obj
-Input=DefaultBuild\hdwinit.obj
-Input=DefaultBuild\r_cg_serial.obj
-Input=DefaultBuild\r_cg_serial_user.obj
-Input=DefaultBuild\r_rl78_can_config.obj
-Input=DefaultBuild\r_rl78_can_drv.obj
-LIBrary=eel.lib
-LIBrary=fdl.lib
-SECURITY_ID=00000000000000000000
-DEVICE=D:\Program File\Renesas Electronics\CS+\CC\Device\RL78\Devicefile\DR5F10BGG.DVF
-DEBug
-NOCOmpress
-NOOPtimize
-OUtput=DefaultBuild\curve_measurement.abs
-LIBrary=D:\Program File\Renesas Electronics\CS+\CC\CC-RL\V1.08.00\lib\rl78em4s.lib
-LIBrary=D:\Program File\Renesas Electronics\CS+\CC\CC-RL\V1.08.00\lib\malloc_n.lib
-LIBrary=D:\Program File\Renesas Electronics\CS+\CC\CC-RL\V1.08.00\lib\rl78em4r.lib
-OCDBG=84
-DEBUG_MONITOR=1FE00-1FFFF
-USER_OPT_BYTE=EFFFEA
-LISt=DefaultBuild\curve_measurement.map
-STARt=.const,EEL_CNST_f,FAL_CNST_f,.text,.RLIB,.SLIB,.textf,.constf,.data,.sdata,EEL_CODE,FAL_CODE/02000,.dataR,.bss,EEL_UDAT_n/FE300,.sdataR,.sbss,EEL_SDAT,FAL_DATA/FFE20
-ROm=.data=.dataR
-ROm=.sdata=.sdataR
-NOMessage
-MEMory=High
-NOLOgo
-end

*** Error information ***

W0561100:Cannot find "EEL_CODE" specified in option "start"
W0561100:Cannot find "FAL_CODE" specified in option "start"
W0561100:Cannot find "EEL_SDAT" specified in option "start"
W0561100:Cannot find "FAL_DATA" specified in option "start"

*** Mapping List ***

SECTION                            START      END         SIZE   ALIGN
.vect
                                  00000000  0000007f        80   0
.option_byte
                                  000000c0  000000c3         4   1
.security_id
                                  000000c4  000000cd         a   1
.monitor1
                                  000000ce  000000d7         a   1
.const
                                  00002000  0000200e         f   2
EEL_CNST_f
                                  00002010  00002036        27   2
FAL_CNST_f
                                  00002038  00002077        40   2
.text
                                  00002078  00002166        ef   1
.RLIB
                                  00002167  00002167         0   1
.SLIB
                                  00002167  00002167         0   1
.textf
                                  00002167  00002842       6dc   1
.constf
                                  00002844  00002844         0   2
.data
                                  00002844  00002a63       220   2
.sdata
                                  00002a64  00002a64         0   2
.monitor2
                                  0001fe00  0001ffff       200   1
.dataR
                                  000fe300  000fe51f       220   2
.bss
                                  000fe520  000fe573        54   2
EEL_UDAT_n
                                  000fe574  000fe575         2   2
.sdataR
                                  000ffe20  000ffe20         0   2
.sbss
                                  000ffe20  000ffe20         0   2
