Renesas Optimizing Linker (V2.05.00 )             22-Jun-2017 16:48:26

*** Options ***

-subcommand=DefaultBuild\RL78F13_EEL_Test_T01E_CCRL.clnk
-Input=DefaultBuild\cstart.obj
-Input=DefaultBuild\hdwinit.obj
-Input=DefaultBuild\main.obj
-Input=DefaultBuild\stkinit.obj
-Input=DefaultBuild\eel_descriptor.obj
-Input=DefaultBuild\fdl_descriptor.obj
-LIBrary=eel.lib
-LIBrary=fdl.lib
-SECURITY_ID=00000000000000000000
-DEVICE=D:\Program Files (x86)\Renesas Electronics\CS+\CC\Device\RL78\Devicefile\DR5F10BGG.DVF
-DEBug
-NOCOmpress
-NOOPtimize
-OUtput=DefaultBuild\RL78F13_EEL_Test_T01E_CCRL.abs
-LIBrary=D:\Program Files (x86)\Renesas Electronics\CS+\CC\CC-RL\V1.03.00\lib\rl78em4s.lib
-LIBrary=D:\Program Files (x86)\Renesas Electronics\CS+\CC\CC-RL\V1.03.00\lib\malloc_n.lib
-LIBrary=D:\Program Files (x86)\Renesas Electronics\CS+\CC\CC-RL\V1.03.00\lib\rl78em4r.lib
-OCDBG=84
-DEBUG_MONITOR=1FE00-1FFFF
-USER_OPT_BYTE=EFFFEA
-LISt=DefaultBuild\RL78F13_EEL_Test_T01E_CCRL.map
-STARt=.const,EEL_CNST_f,FAL_CNST_f,.text,.RLIB,.SLIB,.textf,.constf,.data,.sdata,EEL_CODE,FAL_CODE/02000,.dataR,.bss,EEL_UDAT_n/FE300,.sdataR,.sbss,EEL_SDAT,FAL_DATA/FFE20
-ROm=.data=.dataR
-ROm=.sdata=.sdataR
-NOMessage
-MEMory=High
-NOLOgo
-end

*** Error information ***

*** Mapping List ***

SECTION                            START      END         SIZE   ALIGN

.vect
                                  00000000  0000007f        80   0
.option_byte
                                  000000c0  000000c3         4   1
.security_id
                                  000000c4  000000cd         a   1
.monitor1
                                  000000ce  000000d7         a   1
.const
                                  00002000  00002000         0   2
EEL_CNST_f
                                  00002000  00002026        27   2
FAL_CNST_f
                                  00002028  00002067        40   2
.text
                                  00002068  000020ba        53   1
.RLIB
                                  000020bb  000020bb         0   1
.SLIB
                                  000020bb  000020bb         0   1
.textf
                                  000020bb  00002200       146   1
.constf
                                  00002202  00002202         0   2
.data
                                  00002202  000023ff       1fe   2
.sdata
                                  00002400  00002400         0   2
EEL_CODE
                                  00002400  00003e1b      1a1c   2
FAL_CODE
                                  00003e1c  000043e9       5ce   2
.monitor2
                                  0001fe00  0001ffff       200   1
.dataR
                                  000fe300  000fe4fd       1fe   2
.bss
                                  000fe4fe  000fe509         c   2
EEL_UDAT_n
                                  000fe50a  000fe50b         2   2
.sdataR
                                  000ffe20  000ffe20         0   2
.sbss
                                  000ffe20  000ffe20         0   2
EEL_SDAT
                                  000ffe20  000ffe28         9   2
FAL_DATA
                                  000ffe2a  000ffe2b         2   2
